// Vitest Snapshot v1, https://vitest.dev/guide/snapshot.html

exports[`golden frames do drawNotification > gera hashes deterministicos para cada template/estilo/tema/resolucao 1`] = `
{
  "tpl-cart|android-inspired|dark|feed-4x5": "29d07a41bfc83ecc",
  "tpl-cart|android-inspired|dark|square-1x1": "58b859918d909c3a",
  "tpl-cart|android-inspired|dark|vertical-9x16": "635b3b4be9cd5cef",
  "tpl-cart|android-inspired|light|feed-4x5": "23a845a79690aa6a",
  "tpl-cart|android-inspired|light|square-1x1": "4fedf77d0875e259",
  "tpl-cart|android-inspired|light|vertical-9x16": "4b4cd161340ea0e7",
  "tpl-cart|generic|dark|feed-4x5": "d04e7814cd654d82",
  "tpl-cart|generic|dark|square-1x1": "7dac8d4079d3f081",
  "tpl-cart|generic|dark|vertical-9x16": "c4e35d3e410d1ef2",
  "tpl-cart|generic|light|feed-4x5": "f69eb3cb44f721fc",
  "tpl-cart|generic|light|square-1x1": "dacda64a6d6dd65f",
  "tpl-cart|generic|light|vertical-9x16": "32813b07fc554bfb",
  "tpl-cart|ios-inspired|dark|feed-4x5": "3d21500abf2c509c",
  "tpl-cart|ios-inspired|dark|square-1x1": "999c5cf41ade6ade",
  "tpl-cart|ios-inspired|dark|vertical-9x16": "97e436abf9243b0c",
  "tpl-cart|ios-inspired|light|feed-4x5": "7819b3da8741a649",
  "tpl-cart|ios-inspired|light|square-1x1": "2e720f0f6683c57b",
  "tpl-cart|ios-inspired|light|vertical-9x16": "677e312e0151a309",
  "tpl-daily-goal|android-inspired|dark|feed-4x5": "0d8330b37527186f",
  "tpl-daily-goal|android-inspired|dark|square-1x1": "a285769667298441",
  "tpl-daily-goal|android-inspired|dark|vertical-9x16": "df362b62b0800246",
  "tpl-daily-goal|android-inspired|light|feed-4x5": "37f6825f96bd0bd9",
  "tpl-daily-goal|android-inspired|light|square-1x1": "86a1d879026cd2f4",
  "tpl-daily-goal|android-inspired|light|vertical-9x16": "65d8f6dad7b7abaf",
  "tpl-daily-goal|generic|dark|feed-4x5": "0216a5440fffa22a",
  "tpl-daily-goal|generic|dark|square-1x1": "6b35125d8f8aeeab",
  "tpl-daily-goal|generic|dark|vertical-9x16": "fdb43917db30e3c8",
  "tpl-daily-goal|generic|light|feed-4x5": "abbfbcdad40ddee1",
  "tpl-daily-goal|generic|light|square-1x1": "f06fa3b5b17f5562",
  "tpl-daily-goal|generic|light|vertical-9x16": "1a21263b0f08cb03",
  "tpl-daily-goal|ios-inspired|dark|feed-4x5": "bc22682476dea4f3",
  "tpl-daily-goal|ios-inspired|dark|square-1x1": "48dd0b8d7e889eb2",
  "tpl-daily-goal|ios-inspired|dark|vertical-9x16": "32b09d50248fdadc",
  "tpl-daily-goal|ios-inspired|light|feed-4x5": "28ba1d1439eaaf86",
  "tpl-daily-goal|ios-inspired|light|square-1x1": "2266f61d573bb545",
  "tpl-daily-goal|ios-inspired|light|vertical-9x16": "bd484af9101cb97a",
  "tpl-daily-summary|android-inspired|dark|feed-4x5": "2a0b7ad601a6e7f2",
  "tpl-daily-summary|android-inspired|dark|square-1x1": "4820d030b2acd02f",
  "tpl-daily-summary|android-inspired|dark|vertical-9x16": "6042e92a4cda2dcf",
  "tpl-daily-summary|android-inspired|light|feed-4x5": "75a30867c71a399a",
  "tpl-daily-summary|android-inspired|light|square-1x1": "ffc0764448e3b7b0",
  "tpl-daily-summary|android-inspired|light|vertical-9x16": "617449fb66b5f3b2",
  "tpl-daily-summary|generic|dark|feed-4x5": "0a103be5a2f7e788",
  "tpl-daily-summary|generic|dark|square-1x1": "22254c1f627b7af1",
  "tpl-daily-summary|generic|dark|vertical-9x16": "287440fca71f2755",
  "tpl-daily-summary|generic|light|feed-4x5": "7ed4f3b16e4afd73",
  "tpl-daily-summary|generic|light|square-1x1": "45d800df35f49d14",
  "tpl-daily-summary|generic|light|vertical-9x16": "a6dd94190dba9b74",
  "tpl-daily-summary|ios-inspired|dark|feed-4x5": "9748256eacc9b17a",
  "tpl-daily-summary|ios-inspired|dark|square-1x1": "4555bf6e2def6b2f",
  "tpl-daily-summary|ios-inspired|dark|vertical-9x16": "050b3f731274cf5d",
  "tpl-daily-summary|ios-inspired|light|feed-4x5": "a48e67abc2f1e1b2",
  "tpl-daily-summary|ios-inspired|light|square-1x1": "300f007fc0303883",
  "tpl-daily-summary|ios-inspired|light|vertical-9x16": "2364a7dfce2c4cdf",
  "tpl-multi-units|android-inspired|dark|feed-4x5": "bb2295925ce901a6",
  "tpl-multi-units|android-inspired|dark|square-1x1": "50b4e8288e4602e8",
  "tpl-multi-units|android-inspired|dark|vertical-9x16": "0cd3ad7b52ffcc03",
  "tpl-multi-units|android-inspired|light|feed-4x5": "5810a8a0fd39438d",
  "tpl-multi-units|android-inspired|light|square-1x1": "9aa20e69314b796e",
  "tpl-multi-units|android-inspired|light|vertical-9x16": "54ad7e2358256db6",
  "tpl-multi-units|generic|dark|feed-4x5": "890392f2374b8ba8",
  "tpl-multi-units|generic|dark|square-1x1": "291aee29fbe3ffe6",
  "tpl-multi-units|generic|dark|vertical-9x16": "6f164793f963ed32",
  "tpl-multi-units|generic|light|feed-4x5": "947ce4eaad8aae6b",
  "tpl-multi-units|generic|light|square-1x1": "b7c2c4b8a8b0f530",
  "tpl-multi-units|generic|light|vertical-9x16": "464dc7c40247d816",
  "tpl-multi-units|ios-inspired|dark|feed-4x5": "c7bf033effc4cc33",
  "tpl-multi-units|ios-inspired|dark|square-1x1": "16e4d95cf94f0276",
  "tpl-multi-units|ios-inspired|dark|vertical-9x16": "e96ca57655956684",
  "tpl-multi-units|ios-inspired|light|feed-4x5": "54160e469a85a0db",
  "tpl-multi-units|ios-inspired|light|square-1x1": "1f4166c447dd7398",
  "tpl-multi-units|ios-inspired|light|vertical-9x16": "7e0e4769d51c747b",
  "tpl-order-sequence|android-inspired|dark|feed-4x5": "7c2463472fab519b",
  "tpl-order-sequence|android-inspired|dark|square-1x1": "5e0911a69c8c5af8",
  "tpl-order-sequence|android-inspired|dark|vertical-9x16": "7464cb8ae6f9da85",
  "tpl-order-sequence|android-inspired|light|feed-4x5": "e0317438ca286545",
  "tpl-order-sequence|android-inspired|light|square-1x1": "4372a0b89e28d509",
  "tpl-order-sequence|android-inspired|light|vertical-9x16": "d5fc98701c3d9586",
  "tpl-order-sequence|generic|dark|feed-4x5": "75589777c16775e0",
  "tpl-order-sequence|generic|dark|square-1x1": "43fe4f48b5dd5817",
  "tpl-order-sequence|generic|dark|vertical-9x16": "75f3e94a0cd9ee4a",
  "tpl-order-sequence|generic|light|feed-4x5": "54089dbd678205b8",
  "tpl-order-sequence|generic|light|square-1x1": "144e008de2b7daf0",
  "tpl-order-sequence|generic|light|vertical-9x16": "22e543c39e677dd2",
  "tpl-order-sequence|ios-inspired|dark|feed-4x5": "9be7af91161cb8b1",
  "tpl-order-sequence|ios-inspired|dark|square-1x1": "79eafda2686c8327",
  "tpl-order-sequence|ios-inspired|dark|vertical-9x16": "ecf31dca29d033f1",
  "tpl-order-sequence|ios-inspired|light|feed-4x5": "604e376b1ffc2871",
  "tpl-order-sequence|ios-inspired|light|square-1x1": "0f99df5dfaa1d1c9",
  "tpl-order-sequence|ios-inspired|light|vertical-9x16": "7d8a1012114a4c90",
  "tpl-review|android-inspired|dark|feed-4x5": "c7bc93f07b7632d2",
  "tpl-review|android-inspired|dark|square-1x1": "ae78b6317d5bb0d5",
  "tpl-review|android-inspired|dark|vertical-9x16": "01f1591baeb40561",
  "tpl-review|android-inspired|light|feed-4x5": "3a563ebda96cfc9a",
  "tpl-review|android-inspired|light|square-1x1": "2e3ef7420a8884ec",
  "tpl-review|android-inspired|light|vertical-9x16": "8dcb215df529a427",
  "tpl-review|generic|dark|feed-4x5": "d7fd6a04a5c803af",
  "tpl-review|generic|dark|square-1x1": "1621859575fef927",
  "tpl-review|generic|dark|vertical-9x16": "5ef85563aecddfd5",
  "tpl-review|generic|light|feed-4x5": "9700ef89ee057db0",
  "tpl-review|generic|light|square-1x1": "0cf58881295a1cfb",
  "tpl-review|generic|light|vertical-9x16": "7ea619e01354ae82",
  "tpl-review|ios-inspired|dark|feed-4x5": "47492134147ac444",
  "tpl-review|ios-inspired|dark|square-1x1": "d9b6c2425e364897",
  "tpl-review|ios-inspired|dark|vertical-9x16": "9c93884a7164b24a",
  "tpl-review|ios-inspired|light|feed-4x5": "fa2c96cf6cec78f3",
  "tpl-review|ios-inspired|light|square-1x1": "2db071ed73693105",
  "tpl-review|ios-inspired|light|vertical-9x16": "868f74c0e383f3a2",
  "tpl-single-sale|android-inspired|dark|feed-4x5": "8d35df170082554b",
  "tpl-single-sale|android-inspired|dark|square-1x1": "441b57a71c3874b9",
  "tpl-single-sale|android-inspired|dark|vertical-9x16": "767406c964e9dadc",
  "tpl-single-sale|android-inspired|light|feed-4x5": "53f72ed667d2f66b",
  "tpl-single-sale|android-inspired|light|square-1x1": "7bf75cca3958ec85",
  "tpl-single-sale|android-inspired|light|vertical-9x16": "a90a4bbb308c28e3",
  "tpl-single-sale|generic|dark|feed-4x5": "cec468f149fc5ce1",
  "tpl-single-sale|generic|dark|square-1x1": "e4eb5a5300dc1229",
  "tpl-single-sale|generic|dark|vertical-9x16": "190c950619316202",
  "tpl-single-sale|generic|light|feed-4x5": "58705ba6f7e492e5",
  "tpl-single-sale|generic|light|square-1x1": "18768629260634e4",
  "tpl-single-sale|generic|light|vertical-9x16": "ac1898ee01c8e6a5",
  "tpl-single-sale|ios-inspired|dark|feed-4x5": "86d013dccb6d31d5",
  "tpl-single-sale|ios-inspired|dark|square-1x1": "c4906ee097fa50c3",
  "tpl-single-sale|ios-inspired|dark|vertical-9x16": "14675ec07a69c1d4",
  "tpl-single-sale|ios-inspired|light|feed-4x5": "eb6504dadde6d319",
  "tpl-single-sale|ios-inspired|light|square-1x1": "f00ea3c14a7b63c3",
  "tpl-single-sale|ios-inspired|light|vertical-9x16": "15d3f47c439d6a82",
  "tpl-subscription|android-inspired|dark|feed-4x5": "0d3e614cef57eb0a",
  "tpl-subscription|android-inspired|dark|square-1x1": "41f64e51a36abba7",
  "tpl-subscription|android-inspired|dark|vertical-9x16": "66401fcdefa0a6b6",
  "tpl-subscription|android-inspired|light|feed-4x5": "f75dc2317f7fa886",
  "tpl-subscription|android-inspired|light|square-1x1": "f3d1edbdf8a0652c",
  "tpl-subscription|android-inspired|light|vertical-9x16": "f97fb3a0e260c491",
  "tpl-subscription|generic|dark|feed-4x5": "0973f592d48f6add",
  "tpl-subscription|generic|dark|square-1x1": "eafbc7c445b01e23",
  "tpl-subscription|generic|dark|vertical-9x16": "8f7ae080cd2a5d95",
  "tpl-subscription|generic|light|feed-4x5": "267de225b9c2e823",
  "tpl-subscription|generic|light|square-1x1": "11120f52ee0604d3",
  "tpl-subscription|generic|light|vertical-9x16": "d04bfbf5fb583880",
  "tpl-subscription|ios-inspired|dark|feed-4x5": "c28652a2129a8bb5",
  "tpl-subscription|ios-inspired|dark|square-1x1": "0257b1874e50a58f",
  "tpl-subscription|ios-inspired|dark|vertical-9x16": "5988f5042d74e24a",
  "tpl-subscription|ios-inspired|light|feed-4x5": "0a676e06f0e9a7c1",
  "tpl-subscription|ios-inspired|light|square-1x1": "bf9c12899282bcfa",
  "tpl-subscription|ios-inspired|light|vertical-9x16": "a24a26944a15c750",
}
`;
